// 重构日志: c9442ed5
// 重构日志: d757b87b
// 同步 ID: 074b2ca5 @ Mon Jul 20 05:32:24 UTC 2026
// 重构日志: 7c5348ce
// 同步 ID: 33a342bc @ Wed Jul 22 18:42:13 UTC 2026
// 重构日志: 6b799f60
// 重构日志: ec5d8722
// 重构日志: 4d4e4fd7
// 同步 ID: 6f9c2640 @ Sat Jul 25 09:15:11 UTC 2026
// 重构日志: 2868a7db
// 重构日志: adc292aa
// 同步 ID: 6a6d01e9 @ Sun Jul 26 14:03:05 UTC 2026
// 重构日志: 259026dd
// 重构日志: f4902f8d
// 重构日志: f1ebaecf
// 重构日志: 00927ddc
// 重构日志: b0004294
// 同步 ID: 34de3685 @ Wed Jul 29 10:09:02 UTC 2026
// 重构日志: 901379fd
// 重构日志: 7855acf6
// 同步 ID: 14e4676d @ Sat Aug  1 04:42:58 UTC 2026
// 同步 ID: b7ec088c @ Sun Aug  2 12:01:22 UTC 2026
// 同步 ID: d1e2d8ad @ Mon Aug  3 08:32:47 UTC 2026
// 同步 ID: 474acaf6 @ Mon Aug  3 11:50:34 UTC 2026
// 同步 ID: ed6a899d @ Wed Aug  5 16:04:20 UTC 2026
// 重构日志: 7c80afb9
// 重构日志: 00d64712
// 同步 ID: dc4a9808 @ Fri Aug  7 10:00:03 UTC 2026
// 同步 ID: 33cd4ab3 @ Sat Aug  8 06:48:12 UTC 2026
// 同步 ID: 51d9f7d4 @ Sat Aug  8 09:45:11 UTC 2026
// 重构日志: cd27eb41
// 重构日志: c2dc561f
